// Jest Snapshot v1, https://goo.gl/fbAQLP

exports[`<Form /> with mocking 1`] = `
ReactWrapper {
  "length": 1,
  Symbol(enzyme.__unrendered__): <Form
    handleSubmit={[Function]}
/>,
  Symbol(enzyme.__renderer__): Object {
    "batchedUpdates": [Function],
    "getNode": [Function],
    "render": [Function],
    "simulateEvent": [Function],
    "unmount": [Function],
  },
  Symbol(enzyme.__root__): [Circular],
  Symbol(enzyme.__node__): Object {
    "instance": Form {
      "_reactInternalFiber": FiberNode {
        "_debugID": 4,
        "_debugIsCurrentlyTiming": false,
        "_debugOwner": FiberNode {
          "_debugID": 3,
          "_debugIsCurrentlyTiming": false,
          "_debugOwner": null,
          "_debugSource": null,
          "alternate": null,
          "child": [Circular],
          "effectTag": 1,
          "expirationTime": 0,
          "firstEffect": null,
          "index": 0,
          "internalContextTag": 0,
          "key": null,
          "lastEffect": null,
          "memoizedProps": Object {
            "Component": [Function],
            "context": null,
            "props": Object {
              "handleSubmit": [Function],
            },
          },
          "memoizedState": Object {
            "context": null,
            "mount": true,
            "props": Object {
              "handleSubmit": [Function],
            },
          },
          "nextEffect": null,
          "pendingProps": null,
          "ref": null,
          "return": FiberNode {
            "_debugID": 1,
            "_debugIsCurrentlyTiming": false,
            "_debugOwner": null,
            "_debugSource": null,
            "alternate": FiberNode {
              "_debugID": 1,
              "_debugIsCurrentlyTiming": false,
              "_debugOwner": null,
              "_debugSource": null,
              "alternate": [Circular],
              "child": null,
              "effectTag": 0,
              "expirationTime": 1,
              "firstEffect": null,
              "index": 0,
              "internalContextTag": 0,
              "key": null,
              "lastEffect": null,
              "memoizedProps": null,
              "memoizedState": null,
              "nextEffect": null,
              "pendingProps": null,
              "ref": null,
              "return": null,
              "sibling": null,
              "stateNode": Object {
                "containerInfo": <div>
                  <form
                                    class="form"
                  >
                                    <input
                                                      type="text"
                                                      value=""
                                                      placeholder="Search for a Gif"
                                    />
                                    <button
                                                      type="submit"
                                    >
                                                      search
                                    </button>
                  </form>
</div>,
                "context": Object {},
                "current": [Circular],
                "finishedWork": null,
                "hydrate": false,
                "isReadyForCommit": false,
                "nextScheduledRoot": null,
                "pendingChildren": null,
                "pendingContext": null,
                "remainingExpirationTime": 0,
              },
              "tag": 3,
              "type": null,
              "updateQueue": Object {
                "baseState": null,
                "callbackList": null,
                "expirationTime": 1,
                "first": Object {
                  "callback": null,
                  "expirationTime": 1,
                  "isForced": false,
                  "isReplace": false,
                  "next": null,
                  "nextCallback": null,
                  "partialState": Object {
                    "element": <WrapperComponent
                      Component={[Function]}
                      context={null}
                      props={
                                            Object {
                                                                  "handleSubmit": [Function],
                                                                }
                      }
/>,
                  },
                },
                "hasForceUpdate": false,
                "isInitialized": false,
                "isProcessing": false,
                "last": Object {
                  "callback": null,
                  "expirationTime": 1,
                  "isForced": false,
                  "isReplace": false,
                  "next": null,
                  "nextCallback": null,
                  "partialState": Object {
                    "element": <WrapperComponent
                      Component={[Function]}
                      context={null}
                      props={
                                            Object {
                                                                  "handleSubmit": [Function],
                                                                }
                      }
/>,
                  },
                },
              },
            },
            "child": [Circular],
            "effectTag": 0,
            "expirationTime": 0,
            "firstEffect": [Circular],
            "index": 0,
            "internalContextTag": 0,
            "key": null,
            "lastEffect": [Circular],
            "memoizedProps": null,
            "memoizedState": Object {
              "element": <WrapperComponent
                Component={[Function]}
                context={null}
                props={
                                Object {
                                                "handleSubmit": [Function],
                                              }
                }
/>,
            },
            "nextEffect": null,
            "pendingProps": null,
            "ref": null,
            "return": null,
            "sibling": null,
            "stateNode": Object {
              "containerInfo": <div>
                <form
                                class="form"
                >
                                <input
                                                type="text"
                                                value=""
                                                placeholder="Search for a Gif"
                                />
                                <button
                                                type="submit"
                                >
                                                search
                                </button>
                </form>
</div>,
              "context": Object {},
              "current": [Circular],
              "finishedWork": null,
              "hydrate": false,
              "isReadyForCommit": false,
              "nextScheduledRoot": null,
              "pendingChildren": null,
              "pendingContext": null,
              "remainingExpirationTime": 0,
            },
            "tag": 3,
            "type": null,
            "updateQueue": null,
          },
          "sibling": null,
          "stateNode": WrapperComponent {
            "_reactInternalFiber": [Circular],
            "_reactInternalInstance": Object {},
            "context": Object {},
            "props": Object {
              "Component": [Function],
              "context": null,
              "props": Object {
                "handleSubmit": [Function],
              },
            },
            "refs": Object {},
            "state": Object {
              "context": null,
              "mount": true,
              "props": Object {
                "handleSubmit": [Function],
              },
            },
            "updater": Object {
              "enqueueForceUpdate": [Function],
              "enqueueReplaceState": [Function],
              "enqueueSetState": [Function],
              "isMounted": [Function],
            },
          },
          "tag": 2,
          "type": [Function],
          "updateQueue": null,
        },
        "_debugSource": null,
        "alternate": null,
        "child": FiberNode {
          "_debugID": 5,
          "_debugIsCurrentlyTiming": false,
          "_debugOwner": [Circular],
          "_debugSource": Object {
            "fileName": "/Users/rachelralston/Desktop/development/lectures/reactathon-jest-intro/testing-components/src/Form.js",
            "lineNumber": 16,
          },
          "alternate": null,
          "child": FiberNode {
            "_debugID": 6,
            "_debugIsCurrentlyTiming": false,
            "_debugOwner": [Circular],
            "_debugSource": Object {
              "fileName": "/Users/rachelralston/Desktop/development/lectures/reactathon-jest-intro/testing-components/src/Form.js",
              "lineNumber": 17,
            },
            "alternate": null,
            "child": null,
            "effectTag": 0,
            "expirationTime": 0,
            "firstEffect": null,
            "index": 0,
            "internalContextTag": 0,
            "key": null,
            "lastEffect": null,
            "memoizedProps": Object {
              "onChange": [Function],
              "placeholder": "Search for a Gif",
              "type": "text",
              "value": "",
            },
            "memoizedState": null,
            "nextEffect": null,
            "pendingProps": null,
            "ref": null,
            "return": [Circular],
            "sibling": FiberNode {
              "_debugID": 7,
              "_debugIsCurrentlyTiming": false,
              "_debugOwner": [Circular],
              "_debugSource": Object {
                "fileName": "/Users/rachelralston/Desktop/development/lectures/reactathon-jest-intro/testing-components/src/Form.js",
                "lineNumber": 23,
              },
              "alternate": null,
              "child": null,
              "effectTag": 0,
              "expirationTime": 0,
              "firstEffect": null,
              "index": 1,
              "internalContextTag": 0,
              "key": null,
              "lastEffect": null,
              "memoizedProps": Object {
                "children": "search",
                "type": "submit",
              },
              "memoizedState": null,
              "nextEffect": null,
              "pendingProps": null,
              "ref": null,
              "return": [Circular],
              "sibling": null,
              "stateNode": <button
                type="submit"
>
                search
</button>,
              "tag": 5,
              "type": "button",
              "updateQueue": null,
            },
            "stateNode": <input
              type="text"
              value=""
              placeholder="Search for a Gif"
/>,
            "tag": 5,
            "type": "input",
            "updateQueue": null,
          },
          "effectTag": 0,
          "expirationTime": 0,
          "firstEffect": null,
          "index": 0,
          "internalContextTag": 0,
          "key": null,
          "lastEffect": null,
          "memoizedProps": Object {
            "children": Array [
              <input
                onChange={[Function]}
                placeholder="Search for a Gif"
                type="text"
                value=""
/>,
              <button
                type="submit"
>
                search
</button>,
            ],
            "className": "form",
            "onSubmit": [Function],
          },
          "memoizedState": null,
          "nextEffect": null,
          "pendingProps": null,
          "ref": null,
          "return": [Circular],
          "sibling": null,
          "stateNode": <form
            class="form"
>
            <input
                        type="text"
                        value=""
                        placeholder="Search for a Gif"
            />
            <button
                        type="submit"
            >
                        search
            </button>
</form>,
          "tag": 5,
          "type": "form",
          "updateQueue": null,
        },
        "effectTag": 1,
        "expirationTime": 0,
        "firstEffect": null,
        "index": 0,
        "internalContextTag": 0,
        "key": null,
        "lastEffect": null,
        "memoizedProps": Object {
          "handleSubmit": [Function],
        },
        "memoizedState": Object {
          "searchTerm": "",
        },
        "nextEffect": null,
        "pendingProps": null,
        "ref": null,
        "return": FiberNode {
          "_debugID": 3,
          "_debugIsCurrentlyTiming": false,
          "_debugOwner": null,
          "_debugSource": null,
          "alternate": null,
          "child": [Circular],
          "effectTag": 1,
          "expirationTime": 0,
          "firstEffect": null,
          "index": 0,
          "internalContextTag": 0,
          "key": null,
          "lastEffect": null,
          "memoizedProps": Object {
            "Component": [Function],
            "context": null,
            "props": Object {
              "handleSubmit": [Function],
            },
          },
          "memoizedState": Object {
            "context": null,
            "mount": true,
            "props": Object {
              "handleSubmit": [Function],
            },
          },
          "nextEffect": null,
          "pendingProps": null,
          "ref": null,
          "return": FiberNode {
            "_debugID": 1,
            "_debugIsCurrentlyTiming": false,
            "_debugOwner": null,
            "_debugSource": null,
            "alternate": FiberNode {
              "_debugID": 1,
              "_debugIsCurrentlyTiming": false,
              "_debugOwner": null,
              "_debugSource": null,
              "alternate": [Circular],
              "child": null,
              "effectTag": 0,
              "expirationTime": 1,
              "firstEffect": null,
              "index": 0,
              "internalContextTag": 0,
              "key": null,
              "lastEffect": null,
              "memoizedProps": null,
              "memoizedState": null,
              "nextEffect": null,
              "pendingProps": null,
              "ref": null,
              "return": null,
              "sibling": null,
              "stateNode": Object {
                "containerInfo": <div>
                  <form
                                    class="form"
                  >
                                    <input
                                                      type="text"
                                                      value=""
                                                      placeholder="Search for a Gif"
                                    />
                                    <button
                                                      type="submit"
                                    >
                                                      search
                                    </button>
                  </form>
</div>,
                "context": Object {},
                "current": [Circular],
                "finishedWork": null,
                "hydrate": false,
                "isReadyForCommit": false,
                "nextScheduledRoot": null,
                "pendingChildren": null,
                "pendingContext": null,
                "remainingExpirationTime": 0,
              },
              "tag": 3,
              "type": null,
              "updateQueue": Object {
                "baseState": null,
                "callbackList": null,
                "expirationTime": 1,
                "first": Object {
                  "callback": null,
                  "expirationTime": 1,
                  "isForced": false,
                  "isReplace": false,
                  "next": null,
                  "nextCallback": null,
                  "partialState": Object {
                    "element": <WrapperComponent
                      Component={[Function]}
                      context={null}
                      props={
                                            Object {
                                                                  "handleSubmit": [Function],
                                                                }
                      }
/>,
                  },
                },
                "hasForceUpdate": false,
                "isInitialized": false,
                "isProcessing": false,
                "last": Object {
                  "callback": null,
                  "expirationTime": 1,
                  "isForced": false,
                  "isReplace": false,
                  "next": null,
                  "nextCallback": null,
                  "partialState": Object {
                    "element": <WrapperComponent
                      Component={[Function]}
                      context={null}
                      props={
                                            Object {
                                                                  "handleSubmit": [Function],
                                                                }
                      }
/>,
                  },
                },
              },
            },
            "child": [Circular],
            "effectTag": 0,
            "expirationTime": 0,
            "firstEffect": [Circular],
            "index": 0,
            "internalContextTag": 0,
            "key": null,
            "lastEffect": [Circular],
            "memoizedProps": null,
            "memoizedState": Object {
              "element": <WrapperComponent
                Component={[Function]}
                context={null}
                props={
                                Object {
                                                "handleSubmit": [Function],
                                              }
                }
/>,
            },
            "nextEffect": null,
            "pendingProps": null,
            "ref": null,
            "return": null,
            "sibling": null,
            "stateNode": Object {
              "containerInfo": <div>
                <form
                                class="form"
                >
                                <input
                                                type="text"
                                                value=""
                                                placeholder="Search for a Gif"
                                />
                                <button
                                                type="submit"
                                >
                                                search
                                </button>
                </form>
</div>,
              "context": Object {},
              "current": [Circular],
              "finishedWork": null,
              "hydrate": false,
              "isReadyForCommit": false,
              "nextScheduledRoot": null,
              "pendingChildren": null,
              "pendingContext": null,
              "remainingExpirationTime": 0,
            },
            "tag": 3,
            "type": null,
            "updateQueue": null,
          },
          "sibling": null,
          "stateNode": WrapperComponent {
            "_reactInternalFiber": [Circular],
            "_reactInternalInstance": Object {},
            "context": Object {},
            "props": Object {
              "Component": [Function],
              "context": null,
              "props": Object {
                "handleSubmit": [Function],
              },
            },
            "refs": Object {},
            "state": Object {
              "context": null,
              "mount": true,
              "props": Object {
                "handleSubmit": [Function],
              },
            },
            "updater": Object {
              "enqueueForceUpdate": [Function],
              "enqueueReplaceState": [Function],
              "enqueueSetState": [Function],
              "isMounted": [Function],
            },
          },
          "tag": 2,
          "type": [Function],
          "updateQueue": null,
        },
        "sibling": null,
        "stateNode": [Circular],
        "tag": 2,
        "type": [Function],
        "updateQueue": null,
      },
      "_reactInternalInstance": Object {},
      "context": Object {},
      "handleChange": [Function],
      "props": Object {
        "handleSubmit": [Function],
      },
      "refs": Object {},
      "state": Object {
        "searchTerm": "",
      },
      "updater": Object {
        "enqueueForceUpdate": [Function],
        "enqueueReplaceState": [Function],
        "enqueueSetState": [Function],
        "isMounted": [Function],
      },
    },
    "key": undefined,
    "nodeType": "class",
    "props": Object {
      "handleSubmit": [Function],
    },
    "ref": null,
    "rendered": Object {
      "instance": <form
        class="form"
>
        <input
                type="text"
                value=""
                placeholder="Search for a Gif"
        />
        <button
                type="submit"
        >
                search
        </button>
</form>,
      "key": undefined,
      "nodeType": "host",
      "props": Object {
        "children": Array [
          <input
            onChange={[Function]}
            placeholder="Search for a Gif"
            type="text"
            value=""
/>,
          <button
            type="submit"
>
            search
</button>,
        ],
        "className": "form",
        "onSubmit": [Function],
      },
      "ref": null,
      "rendered": Array [
        Object {
          "instance": <input
            type="text"
            value=""
            placeholder="Search for a Gif"
/>,
          "key": undefined,
          "nodeType": "host",
          "props": Object {
            "onChange": [Function],
            "placeholder": "Search for a Gif",
            "type": "text",
            "value": "",
          },
          "ref": null,
          "rendered": Array [
            undefined,
          ],
          "type": "input",
        },
        Object {
          "instance": <button
            type="submit"
>
            search
</button>,
          "key": undefined,
          "nodeType": "host",
          "props": Object {
            "children": "search",
            "type": "submit",
          },
          "ref": null,
          "rendered": Array [
            "search",
          ],
          "type": "button",
        },
      ],
      "type": "form",
    },
    "type": [Function],
  },
  Symbol(enzyme.__nodes__): Array [
    Object {
      "instance": Form {
        "_reactInternalFiber": FiberNode {
          "_debugID": 4,
          "_debugIsCurrentlyTiming": false,
          "_debugOwner": FiberNode {
            "_debugID": 3,
            "_debugIsCurrentlyTiming": false,
            "_debugOwner": null,
            "_debugSource": null,
            "alternate": null,
            "child": [Circular],
            "effectTag": 1,
            "expirationTime": 0,
            "firstEffect": null,
            "index": 0,
            "internalContextTag": 0,
            "key": null,
            "lastEffect": null,
            "memoizedProps": Object {
              "Component": [Function],
              "context": null,
              "props": Object {
                "handleSubmit": [Function],
              },
            },
            "memoizedState": Object {
              "context": null,
              "mount": true,
              "props": Object {
                "handleSubmit": [Function],
              },
            },
            "nextEffect": null,
            "pendingProps": null,
            "ref": null,
            "return": FiberNode {
              "_debugID": 1,
              "_debugIsCurrentlyTiming": false,
              "_debugOwner": null,
              "_debugSource": null,
              "alternate": FiberNode {
                "_debugID": 1,
                "_debugIsCurrentlyTiming": false,
                "_debugOwner": null,
                "_debugSource": null,
                "alternate": [Circular],
                "child": null,
                "effectTag": 0,
                "expirationTime": 1,
                "firstEffect": null,
                "index": 0,
                "internalContextTag": 0,
                "key": null,
                "lastEffect": null,
                "memoizedProps": null,
                "memoizedState": null,
                "nextEffect": null,
                "pendingProps": null,
                "ref": null,
                "return": null,
                "sibling": null,
                "stateNode": Object {
                  "containerInfo": <div>
                    <form
                                        class="form"
                    >
                                        <input
                                                            type="text"
                                                            value=""
                                                            placeholder="Search for a Gif"
                                        />
                                        <button
                                                            type="submit"
                                        >
                                                            search
                                        </button>
                    </form>
</div>,
                  "context": Object {},
                  "current": [Circular],
                  "finishedWork": null,
                  "hydrate": false,
                  "isReadyForCommit": false,
                  "nextScheduledRoot": null,
                  "pendingChildren": null,
                  "pendingContext": null,
                  "remainingExpirationTime": 0,
                },
                "tag": 3,
                "type": null,
                "updateQueue": Object {
                  "baseState": null,
                  "callbackList": null,
                  "expirationTime": 1,
                  "first": Object {
                    "callback": null,
                    "expirationTime": 1,
                    "isForced": false,
                    "isReplace": false,
                    "next": null,
                    "nextCallback": null,
                    "partialState": Object {
                      "element": <WrapperComponent
                        Component={[Function]}
                        context={null}
                        props={
                                                Object {
                                                                        "handleSubmit": [Function],
                                                                      }
                        }
/>,
                    },
                  },
                  "hasForceUpdate": false,
                  "isInitialized": false,
                  "isProcessing": false,
                  "last": Object {
                    "callback": null,
                    "expirationTime": 1,
                    "isForced": false,
                    "isReplace": false,
                    "next": null,
                    "nextCallback": null,
                    "partialState": Object {
                      "element": <WrapperComponent
                        Component={[Function]}
                        context={null}
                        props={
                                                Object {
                                                                        "handleSubmit": [Function],
                                                                      }
                        }
/>,
                    },
                  },
                },
              },
              "child": [Circular],
              "effectTag": 0,
              "expirationTime": 0,
              "firstEffect": [Circular],
              "index": 0,
              "internalContextTag": 0,
              "key": null,
              "lastEffect": [Circular],
              "memoizedProps": null,
              "memoizedState": Object {
                "element": <WrapperComponent
                  Component={[Function]}
                  context={null}
                  props={
                                    Object {
                                                      "handleSubmit": [Function],
                                                    }
                  }
/>,
              },
              "nextEffect": null,
              "pendingProps": null,
              "ref": null,
              "return": null,
              "sibling": null,
              "stateNode": Object {
                "containerInfo": <div>
                  <form
                                    class="form"
                  >
                                    <input
                                                      type="text"
                                                      value=""
                                                      placeholder="Search for a Gif"
                                    />
                                    <button
                                                      type="submit"
                                    >
                                                      search
                                    </button>
                  </form>
</div>,
                "context": Object {},
                "current": [Circular],
                "finishedWork": null,
                "hydrate": false,
                "isReadyForCommit": false,
                "nextScheduledRoot": null,
                "pendingChildren": null,
                "pendingContext": null,
                "remainingExpirationTime": 0,
              },
              "tag": 3,
              "type": null,
              "updateQueue": null,
            },
            "sibling": null,
            "stateNode": WrapperComponent {
              "_reactInternalFiber": [Circular],
              "_reactInternalInstance": Object {},
              "context": Object {},
              "props": Object {
                "Component": [Function],
                "context": null,
                "props": Object {
                  "handleSubmit": [Function],
                },
              },
              "refs": Object {},
              "state": Object {
                "context": null,
                "mount": true,
                "props": Object {
                  "handleSubmit": [Function],
                },
              },
              "updater": Object {
                "enqueueForceUpdate": [Function],
                "enqueueReplaceState": [Function],
                "enqueueSetState": [Function],
                "isMounted": [Function],
              },
            },
            "tag": 2,
            "type": [Function],
            "updateQueue": null,
          },
          "_debugSource": null,
          "alternate": null,
          "child": FiberNode {
            "_debugID": 5,
            "_debugIsCurrentlyTiming": false,
            "_debugOwner": [Circular],
            "_debugSource": Object {
              "fileName": "/Users/rachelralston/Desktop/development/lectures/reactathon-jest-intro/testing-components/src/Form.js",
              "lineNumber": 16,
            },
            "alternate": null,
            "child": FiberNode {
              "_debugID": 6,
              "_debugIsCurrentlyTiming": false,
              "_debugOwner": [Circular],
              "_debugSource": Object {
                "fileName": "/Users/rachelralston/Desktop/development/lectures/reactathon-jest-intro/testing-components/src/Form.js",
                "lineNumber": 17,
              },
              "alternate": null,
              "child": null,
              "effectTag": 0,
              "expirationTime": 0,
              "firstEffect": null,
              "index": 0,
              "internalContextTag": 0,
              "key": null,
              "lastEffect": null,
              "memoizedProps": Object {
                "onChange": [Function],
                "placeholder": "Search for a Gif",
                "type": "text",
                "value": "",
              },
              "memoizedState": null,
              "nextEffect": null,
              "pendingProps": null,
              "ref": null,
              "return": [Circular],
              "sibling": FiberNode {
                "_debugID": 7,
                "_debugIsCurrentlyTiming": false,
                "_debugOwner": [Circular],
                "_debugSource": Object {
                  "fileName": "/Users/rachelralston/Desktop/development/lectures/reactathon-jest-intro/testing-components/src/Form.js",
                  "lineNumber": 23,
                },
                "alternate": null,
                "child": null,
                "effectTag": 0,
                "expirationTime": 0,
                "firstEffect": null,
                "index": 1,
                "internalContextTag": 0,
                "key": null,
                "lastEffect": null,
                "memoizedProps": Object {
                  "children": "search",
                  "type": "submit",
                },
                "memoizedState": null,
                "nextEffect": null,
                "pendingProps": null,
                "ref": null,
                "return": [Circular],
                "sibling": null,
                "stateNode": <button
                  type="submit"
>
                  search
</button>,
                "tag": 5,
                "type": "button",
                "updateQueue": null,
              },
              "stateNode": <input
                type="text"
                value=""
                placeholder="Search for a Gif"
/>,
              "tag": 5,
              "type": "input",
              "updateQueue": null,
            },
            "effectTag": 0,
            "expirationTime": 0,
            "firstEffect": null,
            "index": 0,
            "internalContextTag": 0,
            "key": null,
            "lastEffect": null,
            "memoizedProps": Object {
              "children": Array [
                <input
                  onChange={[Function]}
                  placeholder="Search for a Gif"
                  type="text"
                  value=""
/>,
                <button
                  type="submit"
>
                  search
</button>,
              ],
              "className": "form",
              "onSubmit": [Function],
            },
            "memoizedState": null,
            "nextEffect": null,
            "pendingProps": null,
            "ref": null,
            "return": [Circular],
            "sibling": null,
            "stateNode": <form
              class="form"
>
              <input
                            type="text"
                            value=""
                            placeholder="Search for a Gif"
              />
              <button
                            type="submit"
              >
                            search
              </button>
</form>,
            "tag": 5,
            "type": "form",
            "updateQueue": null,
          },
          "effectTag": 1,
          "expirationTime": 0,
          "firstEffect": null,
          "index": 0,
          "internalContextTag": 0,
          "key": null,
          "lastEffect": null,
          "memoizedProps": Object {
            "handleSubmit": [Function],
          },
          "memoizedState": Object {
            "searchTerm": "",
          },
          "nextEffect": null,
          "pendingProps": null,
          "ref": null,
          "return": FiberNode {
            "_debugID": 3,
            "_debugIsCurrentlyTiming": false,
            "_debugOwner": null,
            "_debugSource": null,
            "alternate": null,
            "child": [Circular],
            "effectTag": 1,
            "expirationTime": 0,
            "firstEffect": null,
            "index": 0,
            "internalContextTag": 0,
            "key": null,
            "lastEffect": null,
            "memoizedProps": Object {
              "Component": [Function],
              "context": null,
              "props": Object {
                "handleSubmit": [Function],
              },
            },
            "memoizedState": Object {
              "context": null,
              "mount": true,
              "props": Object {
                "handleSubmit": [Function],
              },
            },
            "nextEffect": null,
            "pendingProps": null,
            "ref": null,
            "return": FiberNode {
              "_debugID": 1,
              "_debugIsCurrentlyTiming": false,
              "_debugOwner": null,
              "_debugSource": null,
              "alternate": FiberNode {
                "_debugID": 1,
                "_debugIsCurrentlyTiming": false,
                "_debugOwner": null,
                "_debugSource": null,
                "alternate": [Circular],
                "child": null,
                "effectTag": 0,
                "expirationTime": 1,
                "firstEffect": null,
                "index": 0,
                "internalContextTag": 0,
                "key": null,
                "lastEffect": null,
                "memoizedProps": null,
                "memoizedState": null,
                "nextEffect": null,
                "pendingProps": null,
                "ref": null,
                "return": null,
                "sibling": null,
                "stateNode": Object {
                  "containerInfo": <div>
                    <form
                                        class="form"
                    >
                                        <input
                                                            type="text"
                                                            value=""
                                                            placeholder="Search for a Gif"
                                        />
                                        <button
                                                            type="submit"
                                        >
                                                            search
                                        </button>
                    </form>
</div>,
                  "context": Object {},
                  "current": [Circular],
                  "finishedWork": null,
                  "hydrate": false,
                  "isReadyForCommit": false,
                  "nextScheduledRoot": null,
                  "pendingChildren": null,
                  "pendingContext": null,
                  "remainingExpirationTime": 0,
                },
                "tag": 3,
                "type": null,
                "updateQueue": Object {
                  "baseState": null,
                  "callbackList": null,
                  "expirationTime": 1,
                  "first": Object {
                    "callback": null,
                    "expirationTime": 1,
                    "isForced": false,
                    "isReplace": false,
                    "next": null,
                    "nextCallback": null,
                    "partialState": Object {
                      "element": <WrapperComponent
                        Component={[Function]}
                        context={null}
                        props={
                                                Object {
                                                                        "handleSubmit": [Function],
                                                                      }
                        }
/>,
                    },
                  },
                  "hasForceUpdate": false,
                  "isInitialized": false,
                  "isProcessing": false,
                  "last": Object {
                    "callback": null,
                    "expirationTime": 1,
                    "isForced": false,
                    "isReplace": false,
                    "next": null,
                    "nextCallback": null,
                    "partialState": Object {
                      "element": <WrapperComponent
                        Component={[Function]}
                        context={null}
                        props={
                                                Object {
                                                                        "handleSubmit": [Function],
                                                                      }
                        }
/>,
                    },
                  },
                },
              },
              "child": [Circular],
              "effectTag": 0,
              "expirationTime": 0,
              "firstEffect": [Circular],
              "index": 0,
              "internalContextTag": 0,
              "key": null,
              "lastEffect": [Circular],
              "memoizedProps": null,
              "memoizedState": Object {
                "element": <WrapperComponent
                  Component={[Function]}
                  context={null}
                  props={
                                    Object {
                                                      "handleSubmit": [Function],
                                                    }
                  }
/>,
              },
              "nextEffect": null,
              "pendingProps": null,
              "ref": null,
              "return": null,
              "sibling": null,
              "stateNode": Object {
                "containerInfo": <div>
                  <form
                                    class="form"
                  >
                                    <input
                                                      type="text"
                                                      value=""
                                                      placeholder="Search for a Gif"
                                    />
                                    <button
                                                      type="submit"
                                    >
                                                      search
                                    </button>
                  </form>
</div>,
                "context": Object {},
                "current": [Circular],
                "finishedWork": null,
                "hydrate": false,
                "isReadyForCommit": false,
                "nextScheduledRoot": null,
                "pendingChildren": null,
                "pendingContext": null,
                "remainingExpirationTime": 0,
              },
              "tag": 3,
              "type": null,
              "updateQueue": null,
            },
            "sibling": null,
            "stateNode": WrapperComponent {
              "_reactInternalFiber": [Circular],
              "_reactInternalInstance": Object {},
              "context": Object {},
              "props": Object {
                "Component": [Function],
                "context": null,
                "props": Object {
                  "handleSubmit": [Function],
                },
              },
              "refs": Object {},
              "state": Object {
                "context": null,
                "mount": true,
                "props": Object {
                  "handleSubmit": [Function],
                },
              },
              "updater": Object {
                "enqueueForceUpdate": [Function],
                "enqueueReplaceState": [Function],
                "enqueueSetState": [Function],
                "isMounted": [Function],
              },
            },
            "tag": 2,
            "type": [Function],
            "updateQueue": null,
          },
          "sibling": null,
          "stateNode": [Circular],
          "tag": 2,
          "type": [Function],
          "updateQueue": null,
        },
        "_reactInternalInstance": Object {},
        "context": Object {},
        "handleChange": [Function],
        "props": Object {
          "handleSubmit": [Function],
        },
        "refs": Object {},
        "state": Object {
          "searchTerm": "",
        },
        "updater": Object {
          "enqueueForceUpdate": [Function],
          "enqueueReplaceState": [Function],
          "enqueueSetState": [Function],
          "isMounted": [Function],
        },
      },
      "key": undefined,
      "nodeType": "class",
      "props": Object {
        "handleSubmit": [Function],
      },
      "ref": null,
      "rendered": Object {
        "instance": <form
          class="form"
>
          <input
                    type="text"
                    value=""
                    placeholder="Search for a Gif"
          />
          <button
                    type="submit"
          >
                    search
          </button>
</form>,
        "key": undefined,
        "nodeType": "host",
        "props": Object {
          "children": Array [
            <input
              onChange={[Function]}
              placeholder="Search for a Gif"
              type="text"
              value=""
/>,
            <button
              type="submit"
>
              search
</button>,
          ],
          "className": "form",
          "onSubmit": [Function],
        },
        "ref": null,
        "rendered": Array [
          Object {
            "instance": <input
              type="text"
              value=""
              placeholder="Search for a Gif"
/>,
            "key": undefined,
            "nodeType": "host",
            "props": Object {
              "onChange": [Function],
              "placeholder": "Search for a Gif",
              "type": "text",
              "value": "",
            },
            "ref": null,
            "rendered": Array [
              undefined,
            ],
            "type": "input",
          },
          Object {
            "instance": <button
              type="submit"
>
              search
</button>,
            "key": undefined,
            "nodeType": "host",
            "props": Object {
              "children": "search",
              "type": "submit",
            },
            "ref": null,
            "rendered": Array [
              "search",
            ],
            "type": "button",
          },
        ],
        "type": "form",
      },
      "type": [Function],
    },
  ],
  Symbol(enzyme.__options__): Object {
    "adapter": ReactSixteenAdapter {
      "options": Object {
        "enableComponentDidUpdateOnSetState": true,
      },
    },
  },
}
`;
